node.exe : 
위치 줄:1 문자:1
+ & "C:\Program Files\nodejs/node.exe" "C:\Program Files\
nodejs/node_mo ...
+ ~~~~~~~~~~~~~~~~~~~~~~~~~~~~~~~~~~~~~~~~~~~~~~~~~~~~~~~
~~~~~~~~~~~~~~
    + CategoryInfo          : NotSpecified: (:String) [] 
   , RemoteException
    + FullyQualifiedErrorId : NativeCommandError
 
> Build error occurred
Error: Turbopack build failed with 2 errors:
./src/app/admin/lunch/clients/page.tsx:3:1
Ecmascript file had an error
[0m [90m 1 |[39m [32m'use server'[39m[33m;[39m
 [90m 2 |[39m
[31m[1m>[22m[39m[90m 3 |[39m [36mexport[39m [36m
const[39m dynamic [33m=[39m [32m'force-dynamic'[39m
[33m;[39m
 [90m   |[39m [31m[1m^[22m[39m[31m[1m^[22m[39m
[31m[1m^[22m[39m[31m[1m^[22m[39m[31m[1m^[22m[3
9m[31m[1m^[22m[39m[31m[1m^[22m[39m[31m[1m^[22m
[39m[31m[1m^[22m[39m[31m[1m^[22m[39m[31m[1m^[
22m[39m[31m[1m^[22m[39m[31m[1m^[22m[39m[31m[1m
^[22m[39m[31m[1m^[22m[39m[31m[1m^[22m[39m[31m
[1m^[22m[39m[31m[1m^[22m[39m[31m[1m^[22m[39m[3
1m[1m^[22m[39m[31m[1m^[22m[39m[31m[1m^[22m[39m
[31m[1m^[22m[39m[31m[1m^[22m[39m[31m[1m^[22m[
39m[31m[1m^[22m[39m[31m[1m^[22m[39m[31m[1m^[22
m[39m[31m[1m^[22m[39m[31m[1m^[22m[39m[31m[1m^
[22m[39m[31m[1m^[22m[39m[31m[1m^[22m[39m[31m[1
m^[22m[39m[31m[1m^[22m[39m[31m[1m^[22m[39m[31m
[1m^[22m[39m[31m[1m^[22m[39m[31m[1m^[22m[39m
 [90m 4 |[39m
 [90m 5 |[39m [36mimport[39m { prisma } [36mfrom[39
m [32m'@/lib/prisma'[39m[33m;[39m
 [90m 6 |[39m [36mimport[39m { [33mLunchClient[39m 
} [36mfrom[39m [32m'@prisma/client'[39m[33m;[39m[0
m

Only async functions are allowed to be exported in a "use
 server" file.



./src/app/admin/lunch/page.tsx:3:1
Ecmascript file had an error
[0m [90m 1 |[39m [32m'use server'[39m[33m;[39m
 [90m 2 |[39m
[31m[1m>[22m[39m[90m 3 |[39m [36mexport[39m [36m
const[39m dynamic [33m=[39m [32m'force-dynamic'[39m
[33m;[39m
 [90m   |[39m [31m[1m^[22m[39m[31m[1m^[22m[39m
[31m[1m^[22m[39m[31m[1m^[22m[39m[31m[1m^[22m[3
9m[31m[1m^[22m[39m[31m[1m^[22m[39m[31m[1m^[22m
[39m[31m[1m^[22m[39m[31m[1m^[22m[39m[31m[1m^[
22m[39m[31m[1m^[22m[39m[31m[1m^[22m[39m[31m[1m
^[22m[39m[31m[1m^[22m[39m[31m[1m^[22m[39m[31m
[1m^[22m[39m[31m[1m^[22m[39m[31m[1m^[22m[39m[3
1m[1m^[22m[39m[31m[1m^[22m[39m[31m[1m^[22m[39m
[31m[1m^[22m[39m[31m[1m^[22m[39m[31m[1m^[22m[
39m[31m[1m^[22m[39m[31m[1m^[22m[39m[31m[1m^[22
m[39m[31m[1m^[22m[39m[31m[1m^[22m[39m[31m[1m^
[22m[39m[31m[1m^[22m[39m[31m[1m^[22m[39m[31m[1
m^[22m[39m[31m[1m^[22m[39m[31m[1m^[22m[39m[31m
[1m^[22m[39m[31m[1m^[22m[39m[31m[1m^[22m[39m
 [90m 4 |[39m
 [90m 5 |[39m [36mimport[39m [33mLink[39m [36mfrom
[39m [32m'next/link'[39m[33m;[39m
 [90m 6 |[39m [36mimport[39m { [33mUsers[39m[33m,
[39m [33mCalendar[39m[33m,[39m [33mClipboardList[39
m[33m,[39m [33mTrendingUp[39m[33m,[39m [33mSetting
s[39m[33m,[39m [33mInfo[39m } [36mfrom[39m [32m'l
ucide-react'[39m[33m;[39m[0m

Only async functions are allowed to be exported in a "use
 server" file.



    at <unknown> (./src/app/admin/lunch/clients/page.tsx:
3:1)
    at <unknown> (./src/app/admin/lunch/page.tsx:3:1)
